2026-04-14 00:15:06.652 [INF] [LogService] Configured endpoint ProductCreatedEvent, Consumer: Log.Infrastructure.Consumers.ProductCreatedEventConsumer
2026-04-14 00:15:06.727 [INF] [LogService] Configured endpoint ProductUpdatedEvent, Consumer: Log.Infrastructure.Consumers.ProductUpdatedEventConsumer
2026-04-14 00:15:07.092 [ERR] [LogService] Hosting failed to start
System.IO.IOException: Failed to bind to address http://127.0.0.1:5003: address already in use.
 ---> Microsoft.AspNetCore.Connections.AddressInUseException: Normal olarak her yuva adresi (iletişim kuralı/ağ adresi/bağlantı noktası) için yalnızca bir kullanıma izin veriliyor.
 ---> System.Net.Sockets.SocketException (10048): Normal olarak her yuva adresi (iletişim kuralı/ağ adresi/bağlantı noktası) için yalnızca bir kullanıma izin veriliyor.
   at System.Net.Sockets.Socket.UpdateStatusAfterSocketErrorAndThrowException(SocketError error, Boolean disconnectOnFailure, String callerName)
   at System.Net.Sockets.Socket.DoBind(EndPoint endPointSnapshot, SocketAddress socketAddress)
   at System.Net.Sockets.Socket.Bind(EndPoint localEP)
   at Microsoft.AspNetCore.Server.Kestrel.Transport.Sockets.SocketTransportOptions.CreateDefaultBoundListenSocket(EndPoint endpoint)
   at Microsoft.AspNetCore.Server.Kestrel.Transport.Sockets.SocketConnectionListener.Bind()
   --- End of inner exception stack trace ---
   at Microsoft.AspNetCore.Server.Kestrel.Transport.Sockets.SocketConnectionListener.Bind()
   at Microsoft.AspNetCore.Server.Kestrel.Transport.Sockets.SocketTransportFactory.BindAsync(EndPoint endpoint, CancellationToken cancellationToken)
   at Microsoft.AspNetCore.Server.Kestrel.Core.Internal.Infrastructure.TransportManager.BindAsync(EndPoint endPoint, ConnectionDelegate connectionDelegate, EndpointConfig endpointConfig, CancellationToken cancellationToken)
   at Microsoft.AspNetCore.Server.Kestrel.Core.KestrelServerImpl.<>c__DisplayClass28_0`1.<<StartAsync>g__OnBind|0>d.MoveNext()
--- End of stack trace from previous location ---
   at Microsoft.AspNetCore.Server.Kestrel.Core.Internal.AddressBinder.BindEndpointAsync(ListenOptions endpoint, AddressBindContext context, CancellationToken cancellationToken)
   --- End of inner exception stack trace ---
   at Microsoft.AspNetCore.Server.Kestrel.Core.Internal.AddressBinder.BindEndpointAsync(ListenOptions endpoint, AddressBindContext context, CancellationToken cancellationToken)
   at Microsoft.AspNetCore.Server.Kestrel.Core.LocalhostListenOptions.BindAsync(AddressBindContext context, CancellationToken cancellationToken)
   at Microsoft.AspNetCore.Server.Kestrel.Core.Internal.AddressBinder.AddressesStrategy.BindAsync(AddressBindContext context, CancellationToken cancellationToken)
   at Microsoft.AspNetCore.Server.Kestrel.Core.Internal.AddressBinder.BindAsync(ListenOptions[] listenOptions, AddressBindContext context, Func`2 useHttps, CancellationToken cancellationToken)
   at Microsoft.AspNetCore.Server.Kestrel.Core.KestrelServerImpl.BindAsync(CancellationToken cancellationToken)
   at Microsoft.AspNetCore.Server.Kestrel.Core.KestrelServerImpl.StartAsync[TContext](IHttpApplication`1 application, CancellationToken cancellationToken)
   at Microsoft.AspNetCore.Hosting.GenericWebHostService.StartAsync(CancellationToken cancellationToken)
   at Microsoft.Extensions.Hosting.Internal.Host.<StartAsync>b__15_1(IHostedService service, CancellationToken token)
   at Microsoft.Extensions.Hosting.Internal.Host.ForeachService[T](IEnumerable`1 services, CancellationToken token, Boolean concurrent, Boolean abortOnFirstException, List`1 exceptions, Func`3 operation)
2026-04-14 00:15:07.148 [WRN] [LogService] Failed to stop bus: "rabbitmq://localhost/DESKTOPN8QVTVV_LogAPI_bus_ctryyynjbd1qxdw1bdxjuephrp?temporary=true" (Not Started)
2026-04-14 00:15:07.332 [INF] [LogService] Bus started: "rabbitmq://localhost/"
2026-04-14 00:16:25.516 [INF] [LogService] Configured endpoint ProductCreatedEvent, Consumer: Log.Infrastructure.Consumers.ProductCreatedEventConsumer
2026-04-14 00:16:25.612 [INF] [LogService] Configured endpoint ProductUpdatedEvent, Consumer: Log.Infrastructure.Consumers.ProductUpdatedEventConsumer
2026-04-14 00:16:26.241 [INF] [LogService] Bus started: "rabbitmq://localhost/"
2026-04-14 00:17:03.171 [INF] [LogService] [LogService] ProductCreatedEvent alındı. ProductId: "806ef668-d839-40b3-bb05-6bccfe692e21", Name: Event Test Urunu
2026-04-14 00:17:07.485 [INF] [LogService] HTTP GET /api/log responded 200 in 808.3684 ms
